- text: Help Selection shortcuts Click to select a commit Ctrl + Click for multiple Shift + Click for range Ctrl A Select all Esc Clear selection About unassigned commits
- paragraph: "These commits won't be assigned to virtual branches because they don't match Branch Deck's grouping patterns:"
- list:
  - listitem:
    - text: •
    - code: (feature-name)
    - text: "- Explicit prefix"
  - listitem:
    - text: •
    - code: ABC-123
    - text: "- Issue numbers"