- heading "Unassigned Commits" [level=2]
- text: 4 commits
- table:
  - rowgroup:
    - 'row /Refactor: Extract configuration constants 341683b9 • Test User • Yesterday 6:\d+ PM/':
      - 'cell /Refactor: Extract configuration constants 341683b9 • Test User • Yesterday 6:\d+ PM/':
        - paragraph: "Refactor: Extract configuration constants"
    - row /Implement secure password hashing 7c8faa93 • Test User • Yesterday 5:\d+ PM/:
      - cell /Implement secure password hashing 7c8faa93 • Test User • Yesterday 5:\d+ PM/:
        - paragraph: Implement secure password hashing
    - row /Add bcrypt dependency 03da2835 • Test User • Yesterday 5:\d+ PM/:
      - cell /Add bcrypt dependency 03da2835 • Test User • Yesterday 5:\d+ PM/:
        - paragraph: Add bcrypt dependency
    - row /Add UserService 07cdf0cb • Test User • Yesterday 3:\d+ PM/:
      - cell /Add UserService 07cdf0cb • Test User • Yesterday 3:\d+ PM/:
        - paragraph: Add UserService