- heading "Unassigned Commits" [level=2]
- text: 4 commits