- table:
  - rowgroup:
    - row "Branch Name Commits Status Actions":
      - cell "Branch Name"
      - cell "Commits"
      - cell "Status"
      - cell "Actions"
  - rowgroup:
    - row "test-branch 1 commit created Push":
      - cell "test-branch":
        - button
      - cell "1 commit"
      - cell "created"
      - cell "Push":
        - button
        - button "Push"