- combobox: "/^\\.\\.\\./[a-zA-Z0-9]+$/"
- button
- textbox "Set prefix..." [disabled]
- button [disabled]
- button "Sync" [disabled]
- heading "Welcome to Branch Deck!" [level=3]
- paragraph: "Let's get you started with managing your Git branches. Follow these simple steps:"
- text: "1"
- heading "Select a Git repository" [level=4]
- paragraph: Use the repository selector above or click the folder icon to browse for your project.
- text: "2"
- heading "Configure your branch prefix" [level=4]
- paragraph:
  - text: "Set a default prefix for your branches to keep them organized. For example:"
  - code: username/
- code: git config --global branchdeck.branchPrefix "your-prefix"
- button "View guide"
- paragraph: Once configured, you can sync your branches and start organizing your commits.
- text: "/^Invalid path: .*/[a-zA-Z0-9]+ Not a git repository \\(no \\.git directory found\\)$/"
- region "Notifications (F8)":
  - list