- dialog "Create Branch":
  - textbox "Branch name for 1 commit"
  - button "Cancel"
  - button "Create" [disabled]